syntax error: expected ";" before "end of file": line 11, column 0 to line 11, column 0:

